// Jest Snapshot v1, https://goo.gl/fbAQLP

exports[`test for Error component should render Error component 1`] = `
<DocumentFragment>
  <div
    class="MuiGrid-root error MuiGrid-item MuiGrid-grid-xs-12"
  >
    <div
      class="content"
      data-testid="error"
    >
      Test error
    </div>
  </div>
</DocumentFragment>
`;
